 wsft

 Timestamp is 4d391d7d (Fri Jan 21 14:45:33 2011)

 Preferred load address is 10000000

 Start         Length     Name                   Class
 0001:00000000 0000b996H .text                   CODE
 0001:0000b9a0 000000f2H .text$x                 CODE
 0002:00000000 00000174H .idata$5                DATA
 0002:00000178 0000065cH .rdata                  DATA
 0002:000007d8 00000148H .xdata$x                DATA
 0002:00000920 00000078H .idata$2                DATA
 0002:00000998 00000014H .idata$3                DATA
 0002:000009ac 00000174H .idata$4                DATA
 0002:00000b20 00000534H .idata$6                DATA
 0002:00001060 000001a2H .edata                  DATA
 0003:00000000 00000004H .CRT$XCA                DATA
 0003:00000004 00000004H .CRT$XCZ                DATA
 0003:00000008 00000004H .CRT$XIA                DATA
 0003:0000000c 0000000cH .CRT$XIC                DATA
 0003:00000018 00000004H .CRT$XIY                DATA
 0003:0000001c 00000004H .CRT$XIZ                DATA
 0003:00000020 00000004H .CRT$XLA                DATA
 0003:00000024 00000004H .CRT$XLZ                DATA
 0003:00000028 00000004H .CRT$XPA                DATA
 0003:0000002c 00000004H .CRT$XPX                DATA
 0003:00000030 00000004H .CRT$XPZ                DATA
 0003:00000034 00000004H .CRT$XTA                DATA
 0003:00000038 00000004H .CRT$XTB                DATA
 0003:0000003c 00000004H .CRT$XTZ                DATA
 0003:00000040 00002720H .data                   DATA
 0003:00002760 00001798H .bss                    DATA
 0004:00000000 00000004H .shared                 DATA
 0005:00000000 00000004H .tls                    DATA
 0005:00000008 00000294H .tls$                   DATA
 0005:0000029c 00000004H .tls$ZZZ                DATA
 0006:00000000 00000058H .rsrc$01                DATA
 0006:00000060 00000308H .rsrc$02                DATA

  Address         Publics by Value              Rva+Base     Lib:Object

 0001:00000000       ?TraceXStart@@YAXPAUTRACEX_OPT@@@Z 10001000 f   tracex.obj
 0001:000002f0       ?TraceD@@YAXPBDZZ          100012f0 f   tracex.obj
 0001:00000310       ?TraceI@@YAXPBDZZ          10001310 f   tracex.obj
 0001:00000330       ?TraceW@@YAXPBDZZ          10001330 f   tracex.obj
 0001:00000350       ?TraceE@@YAXPBDZZ          10001350 f   tracex.obj
 0001:00000370       ?TraceF@@YAXPBDZZ          10001370 f   tracex.obj
 0001:00000390       ??1?$vector@DV?$allocator@D@std@@@std@@QAE@XZ 10001390 f i tracex.obj
 0001:000003c0       ?_Construct@std@@YAXPADABD@Z 100013c0 f i tracex.obj
 0001:000003e0       ?FileNoToIndex@@YAHK@Z     100013e0 f   wsft.obj
 0001:000003f0       ?TraceStart@@YAHXZ         100013f0 f   wsft.obj
 0001:00000490       ?ReadIniFile@@YAHXZ        10001490 f   wsft.obj
 0001:00000570       ?wsft_start@@YGHPAUHWND__@@@Z 10001570 f   wsft.obj
 0001:000005f0       ?wsft_set_serveraddr_str@@YAHPBD@Z 100015f0 f   wsft.obj
 0001:00000660       ?wsft_set_serveraddr@@YAHK@Z 10001660 f   wsft.obj
 0001:00000690       ?wsft_setservstr@@YGHPBDHH@Z 10001690 f   wsft.obj
 0001:00000700       ?wsft_setserv@@YGHKHH@Z    10001700 f   wsft.obj
 0001:00000770       ?wsft_setopt@@YGHPADK@Z    10001770 f   wsft.obj
 0001:00000950       ?wsft_getopt@@YGKPBD@Z     10001950 f   wsft.obj
 0001:00000a90       ?wsft_infofile@@YGHGGPAKPAG1@Z 10001a90 f   wsft.obj
 0001:00000b40       ?wsft_readfile@@YGHGKPADK@Z 10001b40 f   wsft.obj
 0001:00000c40       ?wsft_read_rec@@YGHGKKPADK@Z 10001c40 f   wsft.obj
 0001:00000d20       ?wsft_writefile@@YGHGGPADK@Z 10001d20 f   wsft.obj
 0001:00000ee0       ??1?$map@HKU?$less@H@std@@V?$allocator@K@2@@std@@QAE@XZ 10001ee0 f i wsft.obj
 0001:00000f50       ?wsft_readaddr@@YGHKGPADK@Z 10001f50 f   wsft.obj
 0001:00000ff0       ?wsft_writeaddr@@YGHKPADK@Z 10001ff0 f   wsft.obj
 0001:00001090       ?wsft_end@@YGHXZ           10002090 f   wsft.obj
 0001:000010e0       ?wsft_getver@@YGGXZ        100020e0 f   wsft.obj
 0001:00001100       ?wsft_dllversion@@YGJXZ    10002100 f   wsft.obj
 0001:00001110       ?wsft_resume@@YGHXZ        10002110 f   wsft.obj
 0001:00001160       ?wsft_stop@@YGHXZ          10002160 f   wsft.obj
 0001:000011b0       _DllMain@12                100021b0 f   wsft.obj
 0001:00001310       ??0?$map@HKU?$less@H@std@@V?$allocator@K@2@@std@@QAE@ABU?$less@H@1@ABV?$allocator@K@1@@Z 10002310 f i wsft.obj
 0001:000013e0       ?erase@?$_Tree@HU?$pair@$$CBHK@std@@U_Kfn@?$map@HKU?$less@H@std@@V?$allocator@K@2@@2@U?$less@H@2@V?$allocator@K@2@@std@@QAE?AViterator@12@V312@0@Z 100023e0 f i wsft.obj
 0001:00001510       ?insert@?$_Tree@HU?$pair@$$CBHK@std@@U_Kfn@?$map@HKU?$less@H@std@@V?$allocator@K@2@@2@U?$less@H@2@V?$allocator@K@2@@std@@QAE?AU?$pair@Viterator@?$_Tree@HU?$pair@$$CBHK@std@@U_Kfn@?$map@HKU?$less@H@std@@V?$allocator@K@2@@2@U?$less@H@2@V?$allocator@K@2@@std@@_N@2@ABU?$pair@$$CBHK@2@@Z 10002510 f i wsft.obj
 0001:00001640       ?erase@?$_Tree@HU?$pair@$$CBHK@std@@U_Kfn@?$map@HKU?$less@H@std@@V?$allocator@K@2@@2@U?$less@H@2@V?$allocator@K@2@@std@@QAE?AViterator@12@V312@@Z 10002640 f i wsft.obj
 0001:00001b60       ?_Erase@?$_Tree@HU?$pair@$$CBHK@std@@U_Kfn@?$map@HKU?$less@H@std@@V?$allocator@K@2@@2@U?$less@H@2@V?$allocator@K@2@@std@@IAEXPAU_Node@12@@Z 10002b60 f i wsft.obj
 0001:00001bf0       ?_Insert@?$_Tree@HU?$pair@$$CBHK@std@@U_Kfn@?$map@HKU?$less@H@std@@V?$allocator@K@2@@2@U?$less@H@2@V?$allocator@K@2@@std@@IAE?AViterator@12@PAU_Node@12@0ABU?$pair@$$CBHK@2@@Z 10002bf0 f i wsft.obj
 0001:00001ef0       ?_Dec@const_iterator@?$_Tree@HU?$pair@$$CBHK@std@@U_Kfn@?$map@HKU?$less@H@std@@V?$allocator@K@2@@2@U?$less@H@2@V?$allocator@K@2@@std@@QAEXXZ 10002ef0 f i wsft.obj
 0001:00001fb0       ?_Inc@const_iterator@?$_Tree@HU?$pair@$$CBHK@std@@U_Kfn@?$map@HKU?$less@H@std@@V?$allocator@K@2@@2@U?$less@H@2@V?$allocator@K@2@@std@@QAEXXZ 10002fb0 f i wsft.obj
 0001:00002060       ?_Construct@std@@YAXPAU?$pair@$$CBHK@1@ABU21@@Z 10003060 f i wsft.obj
 0001:00002080       ?getIPAddr@@YAKPBD@Z       10003080 f   wsft_com.obj
 0001:000020b0       ?CloseSocket@@YAXPAUSt_SocketInfo@@@Z 100030b0 f   wsft_com.obj
 0001:000020d0       ?SetServer@@YAHPAUSt_SocketInfo@@G@Z 100030d0 f   wsft_com.obj
 0001:000021c0       ?OutputErrorLog@@YAHUST_DATA@@PAUST_COMMAND@@@Z 100031c0 f   wsft_com.obj
 0001:00002450       ?SendAndRecv@@YAHPAUSt_SocketInfo@@PADG1G@Z 10003450 f   wsft_com.obj
 0001:00002960       ?com_infofile@@YAHPAUSt_SocketInfo@@KKPAKPAG2D@Z 10003960 f   wsft_com.obj
 0001:00002a30       ?com_readfile@@YAHPAUSt_SocketInfo@@KKPADKD@Z 10003a30 f   wsft_com.obj
 0001:00002d00       ?com_readfile2@@YAHPAUSt_SocketInfo@@KKIIPADKD@Z 10003d00 f   wsft_com.obj
 0001:00003060       ?com_writefile@@YAHPAUSt_SocketInfo@@KKPADKD@Z 10004060 f   wsft_com.obj
 0001:000035d0       ?GetWinSousaStr@@YGHPBD0PADK@Z 100045d0 f   GetIniFile:GetIniFIle.dll
 0001:000035d6       ?GetWinSousaInt@@YGHPBD0PAJ@Z 100045d6 f   GetIniFile:GetIniFIle.dll
 0001:000035dc       _Winssa_Log                100045dc f   wsslog:WssLog.dll
 0001:000035e2       _inet_ntoa@4               100045e2 f   wsock32:WSOCK32.dll
 0001:000035e8       _WSAStartup@8              100045e8 f   wsock32:WSOCK32.dll
 0001:000035ee       _WSACleanup@0              100045ee f   wsock32:WSOCK32.dll
 0001:000035f4       ??3@YAXPAX@Z               100045f4 f   libcpmt:delop.obj
 0001:000035ff       ??0_Lockit@std@@QAE@XZ     100045ff f   libcpmt:xlock.obj
 0001:0000369b       ??1_Lockit@std@@QAE@XZ     1000469b f   libcpmt:xlock.obj
 0001:000036b0       _localtime                 100046b0 f   LIBCMT:localtim.obj
 0001:00003810       _time                      10004810 f   LIBCMT:time.obj
 0001:000038ec       _vsprintf                  100048ec f   LIBCMT:vsprintf.obj
 0001:0000393d       ??2@YAPAXI@Z               1000493d f   LIBCMT:new.obj
 0001:0000394b       ?_JumpToContinuation@@YGXPAXPAUEHRegistrationNode@@@Z 1000494b f   LIBCMT:trnsctrl.obj
 0001:0000397f       ?_CallMemberFunction1@@YGXPAX00@Z 1000497f f   LIBCMT:trnsctrl.obj
 0001:0000397f       ?_CallMemberFunction0@@YGXPAX0@Z 1000497f f   LIBCMT:trnsctrl.obj
 0001:00003986       ?_CallMemberFunction2@@YGXPAX00H@Z 10004986 f   LIBCMT:trnsctrl.obj
 0001:0000398d       ?_UnwindNestedFrames@@YGXPAUEHRegistrationNode@@PAUEHExceptionRecord@@@Z 1000498d f   LIBCMT:trnsctrl.obj
 0001:000039dc       ___CxxFrameHandler         100049dc f   LIBCMT:trnsctrl.obj
 0001:00003a12       ?_CallCatchBlock2@@YAPAXPAUEHRegistrationNode@@PBU_s_FuncInfo@@PAXHK@Z 10004a12 f   LIBCMT:trnsctrl.obj
 0001:00003a8b       ?_CallSETranslator@@YAHPAUEHExceptionRecord@@PAUEHRegistrationNode@@PAX2PBU_s_FuncInfo@@H1@Z 10004a8b f   LIBCMT:trnsctrl.obj
 0001:00003bb6       ?_GetRangeOfTrysToCheck@@YAPBU_s_TryBlockMapEntry@@PBU_s_FuncInfo@@HHPAI1@Z 10004bb6 f   LIBCMT:trnsctrl.obj
 0001:00003c34       __global_unwind2           10004c34 f   LIBCMT:exsup.obj
 0001:00003c76       __local_unwind2            10004c76 f   LIBCMT:exsup.obj
 0001:00003cce       __NLG_Return2              10004cce f   LIBCMT:exsup.obj
 0001:00003cde       __abnormal_termination     10004cde f   LIBCMT:exsup.obj
 0001:00003d01       __NLG_Notify1              10004d01 f   LIBCMT:exsup.obj
 0001:00003d0a       __NLG_Notify               10004d0a f   LIBCMT:exsup.obj
 0001:00003d1d       __NLG_Dispatch             10004d1d f   LIBCMT:exsup.obj
 0001:00003d30       _sprintf                   10004d30 f   LIBCMT:sprintf.obj
 0001:00003d82       __onexit                   10004d82 f   LIBCMT:onexit.obj
 0001:00003e00       _atexit                    10004e00 f   LIBCMT:onexit.obj
 0001:00003e12       ___onexitinit              10004e12 f   LIBCMT:onexit.obj
 0001:00003e41       __fpmath                   10004e41 f   LIBCMT:fpinit.obj
 0001:00003e58       __fpclear                  10004e58 f   LIBCMT:fpinit.obj
 0001:00003e59       __cfltcvt_init             10004e59 f   LIBCMT:fpinit.obj
 0001:00003e91       _free                      10004e91 f   LIBCMT:free.obj
 0001:00003ed9       _malloc                    10004ed9 f   LIBCMT:malloc.obj
 0001:00003eeb       __nh_malloc                10004eeb f   LIBCMT:malloc.obj
 0001:00003f17       __heap_alloc               10004f17 f   LIBCMT:malloc.obj
 0001:00003f70       _memmove                   10004f70 f   LIBCMT:memmove.obj
 0001:000042a5       __CRT_INIT@12              100052a5 f   LIBCMT:dllcrt0.obj
 0001:0000437e       __DllMainCRTStartup@12     1000537e f   LIBCMT:dllcrt0.obj
 0001:0000441b       __amsg_exit                1000541b f   LIBCMT:dllcrt0.obj
 0001:0000444e       ___tzset                   1000544e f   LIBCMT:tzset.obj
 0001:00004703       __isindst                  10005703 f   LIBCMT:tzset.obj
 0001:00004a10       _gmtime                    10005a10 f   LIBCMT:gmtime.obj
 0001:00004b1a       ___loctotime_t             10005b1a f   LIBCMT:dtoxtime.obj
 0001:00004bdc       __flsbuf                   10005bdc f   LIBCMT:_flsbuf.obj
 0001:00004cf4       __output                   10005cf4 f   LIBCMT:output.obj
 0001:000054fe       ___InternalCxxFrameHandler 100064fe f   LIBCMT:frame.obj
 0001:00005853       ___FrameUnwindToState      10006853 f   LIBCMT:frame.obj
 0001:00005c8b       ?_DestructExceptionObject@@YAXPAUEHExceptionRecord@@E@Z 10006c8b f   LIBCMT:frame.obj
 0001:00005d20       __CallSettingFrame@12      10006d20 f   LIBCMT:lowhelpr.obj
 0001:00005d47       __NLG_Return               10006d47 f   LIBCMT:lowhelpr.obj
 0001:00005d6c       __mtinit                   10006d6c f   LIBCMT:tidtable.obj
 0001:00005dc0       __mtterm                   10006dc0 f   LIBCMT:tidtable.obj
 0001:00005dde       __initptd                  10006dde f   LIBCMT:tidtable.obj
 0001:00005df1       __getptd                   10006df1 f   LIBCMT:tidtable.obj
 0001:00005e58       __freeptd                  10006e58 f   LIBCMT:tidtable.obj
 0001:00005ef8       ?terminate@@YAXXZ          10006ef8 f   LIBCMT:hooks.obj
 0001:00005f59       ?_inconsistency@@YAXXZ     10006f59 f   LIBCMT:hooks.obj
 0001:00005faf       __cinit                    10006faf f   LIBCMT:crt0dat.obj
 0001:00005fdc       __exit                     10006fdc f   LIBCMT:crt0dat.obj
 0001:00005fed       __cexit                    10006fed f   LIBCMT:crt0dat.obj
 0001:000060a1       __lockexit                 100070a1 f   LIBCMT:crt0dat.obj
 0001:000060aa       __unlockexit               100070aa f   LIBCMT:crt0dat.obj
 0001:000060cd       _realloc                   100070cd f   LIBCMT:realloc.obj
 0001:00006205       __msize                    10007205 f   LIBCMT:msize.obj
 0001:0000624a       __setdefaultprecision      1000724a f   LIBCMT:fp8.obj
 0001:0000625c       __ms_p5_test_fdiv          1000725c f   LIBCMT:testfdiv.obj
 0001:0000629a       __ms_p5_mp_test_fdiv       1000729a f   LIBCMT:testfdiv.obj
 0001:000062c3       __forcdecpt                100072c3 f   LIBCMT:cvt.obj
 0001:0000631d       __cropzeros                1000731d f   LIBCMT:cvt.obj
 0001:0000636b       __positive                 1000736b f   LIBCMT:cvt.obj
 0001:00006383       __fassign                  10007383 f   LIBCMT:cvt.obj
 0001:000063c1       __cftoe                    100073c1 f   LIBCMT:cvt.obj
 0001:000064e4       __cftof                    100074e4 f   LIBCMT:cvt.obj
 0001:000065e0       __cftog                    100075e0 f   LIBCMT:cvt.obj
 0001:00006673       __cfltcvt                  10007673 f   LIBCMT:cvt.obj
 0001:000066e9       __heap_init                100076e9 f   LIBCMT:heapinit.obj
 0001:00006725       __heap_term                10007725 f   LIBCMT:heapinit.obj
 0001:0000679a       __mtinitlocks              1000779a f   LIBCMT:mlock.obj
 0001:000067c3       __mtdeletelocks            100077c3 f   LIBCMT:mlock.obj
 0001:0000682f       __lock                     1000782f f   LIBCMT:mlock.obj
 0001:00006890       __unlock                   10007890 f   LIBCMT:mlock.obj
 0001:000068a5       ___sbh_heap_init           100078a5 f   LIBCMT:sbheap.obj
 0001:000068e3       ___sbh_find_block          100078e3 f   LIBCMT:sbheap.obj
 0001:0000690e       ___sbh_free_block          1000790e f   LIBCMT:sbheap.obj
 0001:00006c39       ___sbh_alloc_block         10007c39 f   LIBCMT:sbheap.obj
 0001:00006f42       ___sbh_alloc_new_region    10007f42 f   LIBCMT:sbheap.obj
 0001:00006ff3       ___sbh_alloc_new_group     10007ff3 f   LIBCMT:sbheap.obj
 0001:000070ee       ___sbh_resize_block        100080ee f   LIBCMT:sbheap.obj
 0001:000073e4       __callnewh                 100083e4 f   LIBCMT:handler.obj
 0001:000073ff       __ioinit                   100083ff f   LIBCMT:ioinit.obj
 0001:000075bb       __ioterm                   100085bb f   LIBCMT:ioinit.obj
 0001:0000760f       __setenvp                  1000860f f   LIBCMT:stdenvp.obj
 0001:000076c8       __setargv                  100086c8 f   LIBCMT:stdargv.obj
 0001:00007915       ___crtGetEnvironmentStringsA 10008915 f   LIBCMT:a_env.obj
 0001:00007a47       __FF_MSGBANNER             10008a47 f   LIBCMT:crt0msg.obj
 0001:00007a80       __NMSG_WRITE               10008a80 f   LIBCMT:crt0msg.obj
 0001:00007bd3       _atol                      10008bd3 f   LIBCMT:atox.obj
 0001:00007c60       _strncpy                   10008c60 f   LIBCMT:strncpy.obj
 0001:00007d60       _strcpy                    10008d60 f   LIBCMT:strcat.obj
 0001:00007d70       _strcat                    10008d70 f   LIBCMT:strcat.obj
 0001:00007e50       _strlen                    10008e50 f   LIBCMT:strlen.obj
 0001:00007ed0       _strcmp                    10008ed0 f   LIBCMT:strcmp.obj
 0001:00007f54       __getenv_lk                10008f54 f   LIBCMT:getenv.obj
 0001:00007fd1       __lseek                    10008fd1 f   LIBCMT:lseek.obj
 0001:00008036       __lseek_lk                 10009036 f   LIBCMT:lseek.obj
 0001:000080a9       __write                    100090a9 f   LIBCMT:write.obj
 0001:0000810e       __write_lk                 1000910e f   LIBCMT:write.obj
 0001:00008299       __getbuf                   10009299 f   LIBCMT:_getbuf.obj
 0001:000082dd       __isatty                   100092dd f   LIBCMT:isatty.obj
 0001:00008306       ___initstdio               10009306 f   LIBCMT:_file.obj
 0001:000083ae       ___endstdio                100093ae f   LIBCMT:_file.obj
 0001:000083c2       __lock_file                100093c2 f   LIBCMT:_file.obj
 0001:000083f1       __lock_file2               100093f1 f   LIBCMT:_file.obj
 0001:00008414       __unlock_file              10009414 f   LIBCMT:_file.obj
 0001:00008443       __unlock_file2             10009443 f   LIBCMT:_file.obj
 0001:00008466       _wctomb                    10009466 f   LIBCMT:wctomb.obj
 0001:000084bf       __wctomb_lk                100094bf f   LIBCMT:wctomb.obj
 0001:00008530       __aulldiv                  10009530 f   LIBCMT:ulldiv.obj
 0001:000085a0       __aullrem                  100095a0 f   LIBCMT:ullrem.obj
 0001:00008615       ?__CxxUnhandledExceptionFilter@@YGJPAU_EXCEPTION_POINTERS@@@Z 10009615 f   LIBCMT:unhandld.obj
 0001:0000865b       ?__CxxSetUnhandledExceptionFilter@@YAXXZ 1000965b f   LIBCMT:unhandld.obj
 0001:0000866c       ?__CxxRestoreUnhandledExceptionFilter@@YAXXZ 1000966c f   LIBCMT:unhandld.obj
 0001:00008679       ?_ValidateRead@@YAHPBXI@Z  10009679 f   LIBCMT:validate.obj
 0001:00008695       ?_ValidateWrite@@YAHPAXI@Z 10009695 f   LIBCMT:validate.obj
 0001:000086b1       ?_ValidateExecute@@YAHP6GHXZ@Z 100096b1 f   LIBCMT:validate.obj
 0001:000086d4       __except_handler3          100096d4 f   LIBCMT:exsup3.obj
 0001:00008791       __seh_longjmp_unwind@4     10009791 f   LIBCMT:exsup3.obj
 0001:000087ac       _calloc                    100097ac f   LIBCMT:calloc.obj
 0001:00008839       _abort                     10009839 f   LIBCMT:abort.obj
 0001:00008850       _memcpy                    10009850 f   LIBCMT:memcpy.obj
 0001:00008b85       __control87                10009b85 f   LIBCMT:ieee87.obj
 0001:00008bba       __controlfp                10009bba f   LIBCMT:ieee87.obj
 0001:00008ceb       __isctype                  10009ceb f   LIBCMT:isctype.obj
 0001:00008d60       _tolower                   10009d60 f   LIBCMT:tolower.obj
 0001:00008dcf       __tolower_lk               10009dcf f   LIBCMT:tolower.obj
 0001:00008e9a       __ZeroTail                 10009e9a f   LIBCMT:intrncvt.obj
 0001:00008ee3       __IncMan                   10009ee3 f   LIBCMT:intrncvt.obj
 0001:00008f39       __RoundMan                 10009f39 f   LIBCMT:intrncvt.obj
 0001:00008fc5       __CopyMan                  10009fc5 f   LIBCMT:intrncvt.obj
 0001:00008fe0       __FillZeroMan              10009fe0 f   LIBCMT:intrncvt.obj
 0001:00008fec       __IsZeroMan                10009fec f   LIBCMT:intrncvt.obj
 0001:00009007       __ShrMan                   1000a007 f   LIBCMT:intrncvt.obj
 0001:00009094       __ld12cvt                  1000a094 f   LIBCMT:intrncvt.obj
 0001:00009200       __ld12tod                  1000a200 f   LIBCMT:intrncvt.obj
 0001:00009216       __ld12tof                  1000a216 f   LIBCMT:intrncvt.obj
 0001:0000922c       __atodbl                   1000a22c f   LIBCMT:intrncvt.obj
 0001:00009259       __atoflt                   1000a259 f   LIBCMT:intrncvt.obj
 0001:00009286       __fptostr                  1000a286 f   LIBCMT:_fptostr.obj
 0001:000092fd       __fltout2                  1000a2fd f   LIBCMT:cfout.obj
 0001:00009359       ___dtold                   1000a359 f   LIBCMT:cfout.obj
 0001:00009410       _memset                    1000a410 f   LIBCMT:memset.obj
 0001:00009468       __fptrap                   1000a468 f   LIBCMT:crt0fp.obj
 0001:00009471       __setmbcp                  1000a471 f   LIBCMT:mbctype.obj
 0001:00009849       ___initmbctable            1000a849 f   LIBCMT:mbctype.obj
 0001:00009865       ___crtMessageBoxA          1000a865 f   LIBCMT:crtmbox.obj
 0001:000098f0       __allmul                   1000a8f0 f   LIBCMT:llmul.obj
 0001:00009924       __mbsnbicoll               1000a924 f   LIBCMT:mbsnbico.obj
 0001:00009963       ___wtomb_environ           1000a963 f   LIBCMT:wtombenv.obj
 0001:000099d1       __dosmaperr                1000a9d1 f   LIBCMT:dosmap.obj
 0001:00009a44       __errno                    1000aa44 f   LIBCMT:dosmap.obj
 0001:00009a4d       ___doserrno                1000aa4d f   LIBCMT:dosmap.obj
 0001:00009a56       __free_osfhnd              1000aa56 f   LIBCMT:osfinfo.obj
 0001:00009ad5       __get_osfhandle            1000aad5 f   LIBCMT:osfinfo.obj
 0001:00009b17       __lock_fhandle             1000ab17 f   LIBCMT:osfinfo.obj
 0001:00009b76       __unlock_fhandle           1000ab76 f   LIBCMT:osfinfo.obj
 0001:00009b98       __fcloseall                1000ab98 f   LIBCMT:closeall.obj
 0001:00009c19       __fflush_lk                1000ac19 f   LIBCMT:fflush.obj
 0001:00009c47       __flush                    1000ac47 f   LIBCMT:fflush.obj
 0001:00009ca3       __flushall                 1000aca3 f   LIBCMT:fflush.obj
 0001:00009d50       _raise                     1000ad50 f   LIBCMT:winsig.obj
 0001:00009f0f       ___crtGetStringTypeA       1000af0f f   LIBCMT:a_str.obj
 0001:0000a058       ___crtLCMapStringA         1000b058 f   LIBCMT:a_map.obj
 0001:0000a27c       ___addl                    1000b27c f   LIBCMT:mantold.obj
 0001:0000a29d       ___add_12                  1000b29d f   LIBCMT:mantold.obj
 0001:0000a2fb       ___shl_12                  1000b2fb f   LIBCMT:mantold.obj
 0001:0000a329       ___shr_12                  1000b329 f   LIBCMT:mantold.obj
 0001:0000a356       ___mtold12                 1000b356 f   LIBCMT:mantold.obj
 0001:0000a41d       ___strgtold12              1000b41d f   LIBCMT:strgtold.obj
 0001:0000a8ee       _$I10_OUTPUT               1000b8ee f   LIBCMT:x10fout.obj
 0001:0000ab81       ___crtCompareStringA       1000bb81 f   LIBCMT:a_cmp.obj
 0001:0000ae29       ___crtsetenv               1000be29 f   LIBCMT:setenv.obj
 0001:0000b06f       _fclose                    1000c06f f   LIBCMT:fclose.obj
 0001:0000b0a0       __fclose_lk                1000c0a0 f   LIBCMT:fclose.obj
 0001:0000b0ec       __commit                   1000c0ec f   LIBCMT:commit.obj
 0001:0000b180       _strcspn                   1000c180 f   LIBCMT:strcspn.obj
 0001:0000b1c0       _strncmp                   1000c1c0 f   LIBCMT:strncmp.obj
 0001:0000b200       _strpbrk                   1000c200 f   LIBCMT:strpbrk.obj
 0001:0000b240       __chkstk                   1000c240 f   LIBCMT:chkstk.obj
 0001:0000b240       __alloca_probe             1000c240 f   LIBCMT:chkstk.obj
 0001:0000b26f       ___ld12mul                 1000c26f f   LIBCMT:tenpow.obj
 0001:0000b48f       ___multtenpow12            1000c48f f   LIBCMT:tenpow.obj
 0001:0000b50b       __mbschr                   1000c50b f   LIBCMT:mbschr.obj
 0001:0000b5a2       __strdup                   1000c5a2 f   LIBCMT:strdup.obj
 0001:0000b5cd       __close                    1000c5cd f   LIBCMT:close.obj
 0001:0000b62a       __close_lk                 1000c62a f   LIBCMT:close.obj
 0001:0000b6ad       __freebuf                  1000c6ad f   LIBCMT:_freebuf.obj
 0001:0000b6e0       __stricmp                  1000c6e0 f   LIBCMT:stricmp.obj
 0001:0000b6e0       _stricmp                   1000c6e0 f   LIBCMT:stricmp.obj
 0001:0000b6e0       __strcmpi                  1000c6e0 f   LIBCMT:stricmp.obj
 0001:0000b7b0       __strnicmp                 1000c7b0 f   LIBCMT:strnicmp.obj
 0001:0000b8d0       _strchr                    1000c8d0 f   LIBCMT:strchr.obj
 0001:0000b8d6       ___from_strstr_to_strchr   1000c8d6 f   LIBCMT:strchr.obj
 0001:0000b990       _RtlUnwind@16              1000c990 f   kernel32:KERNEL32.dll
 0002:00000000       __imp_?GetWinSousaInt@@YGHPBD0PAJ@Z 1000d000     GetIniFile:GetIniFIle.dll
 0002:00000004       __imp_?GetWinSousaStr@@YGHPBD0PADK@Z 1000d004     GetIniFile:GetIniFIle.dll
 0002:00000008       \177GetIniFIle_NULL_THUNK_DATA 1000d008     GetIniFile:GetIniFIle.dll
 0002:0000000c       __imp__CloseHandle@4       1000d00c     kernel32:KERNEL32.dll
 0002:00000010       __imp__FlushFileBuffers@4  1000d010     kernel32:KERNEL32.dll
 0002:00000014       __imp__SetEnvironmentVariableA@8 1000d014     kernel32:KERNEL32.dll
 0002:00000018       __imp__CompareStringW@24   1000d018     kernel32:KERNEL32.dll
 0002:0000001c       __imp__CompareStringA@24   1000d01c     kernel32:KERNEL32.dll
 0002:00000020       __imp__LCMapStringW@24     1000d020     kernel32:KERNEL32.dll
 0002:00000024       __imp__LCMapStringA@24     1000d024     kernel32:KERNEL32.dll
 0002:00000028       __imp__GetStringTypeW@16   1000d028     kernel32:KERNEL32.dll
 0002:0000002c       __imp__GetStringTypeA@20   1000d02c     kernel32:KERNEL32.dll
 0002:00000030       __imp__MultiByteToWideChar@24 1000d030     kernel32:KERNEL32.dll
 0002:00000034       __imp__SetStdHandle@8      1000d034     kernel32:KERNEL32.dll
 0002:00000038       __imp__LoadLibraryA@4      1000d038     kernel32:KERNEL32.dll
 0002:0000003c       __imp__GetOEMCP@0          1000d03c     kernel32:KERNEL32.dll
 0002:00000040       __imp__Sleep@4             1000d040     kernel32:KERNEL32.dll
 0002:00000044       __imp__GetTickCount@0      1000d044     kernel32:KERNEL32.dll
 0002:00000048       __imp__InterlockedExchange@8 1000d048     kernel32:KERNEL32.dll
 0002:0000004c       __imp__GetModuleFileNameA@12 1000d04c     kernel32:KERNEL32.dll
 0002:00000050       __imp__GetACP@0            1000d050     kernel32:KERNEL32.dll
 0002:00000054       __imp__GetCPInfo@8         1000d054     kernel32:KERNEL32.dll
 0002:00000058       __imp__IsBadCodePtr@4      1000d058     kernel32:KERNEL32.dll
 0002:0000005c       __imp__EnterCriticalSection@4 1000d05c     kernel32:KERNEL32.dll
 0002:00000060       __imp__InitializeCriticalSection@4 1000d060     kernel32:KERNEL32.dll
 0002:00000064       __imp__DeleteCriticalSection@4 1000d064     kernel32:KERNEL32.dll
 0002:00000068       __imp__LeaveCriticalSection@4 1000d068     kernel32:KERNEL32.dll
 0002:0000006c       __imp__GetTimeZoneInformation@4 1000d06c     kernel32:KERNEL32.dll
 0002:00000070       __imp__GetSystemTime@4     1000d070     kernel32:KERNEL32.dll
 0002:00000074       __imp__GetLocalTime@4      1000d074     kernel32:KERNEL32.dll
 0002:00000078       __imp__RtlUnwind@16        1000d078     kernel32:KERNEL32.dll
 0002:0000007c       __imp__HeapFree@12         1000d07c     kernel32:KERNEL32.dll
 0002:00000080       __imp__HeapAlloc@12        1000d080     kernel32:KERNEL32.dll
 0002:00000084       __imp__GetCommandLineA@0   1000d084     kernel32:KERNEL32.dll
 0002:00000088       __imp__GetVersion@0        1000d088     kernel32:KERNEL32.dll
 0002:0000008c       __imp__WideCharToMultiByte@32 1000d08c     kernel32:KERNEL32.dll
 0002:00000090       __imp__GetCurrentThreadId@0 1000d090     kernel32:KERNEL32.dll
 0002:00000094       __imp__TlsSetValue@8       1000d094     kernel32:KERNEL32.dll
 0002:00000098       __imp__TlsAlloc@0          1000d098     kernel32:KERNEL32.dll
 0002:0000009c       __imp__TlsFree@4           1000d09c     kernel32:KERNEL32.dll
 0002:000000a0       __imp__SetLastError@4      1000d0a0     kernel32:KERNEL32.dll
 0002:000000a4       __imp__TlsGetValue@4       1000d0a4     kernel32:KERNEL32.dll
 0002:000000a8       __imp__GetLastError@0      1000d0a8     kernel32:KERNEL32.dll
 0002:000000ac       __imp__ExitProcess@4       1000d0ac     kernel32:KERNEL32.dll
 0002:000000b0       __imp__TerminateProcess@8  1000d0b0     kernel32:KERNEL32.dll
 0002:000000b4       __imp__GetCurrentProcess@0 1000d0b4     kernel32:KERNEL32.dll
 0002:000000b8       __imp__HeapReAlloc@16      1000d0b8     kernel32:KERNEL32.dll
 0002:000000bc       __imp__HeapSize@12         1000d0bc     kernel32:KERNEL32.dll
 0002:000000c0       __imp__GetProcAddress@8    1000d0c0     kernel32:KERNEL32.dll
 0002:000000c4       __imp__GetModuleHandleA@4  1000d0c4     kernel32:KERNEL32.dll
 0002:000000c8       __imp__HeapDestroy@4       1000d0c8     kernel32:KERNEL32.dll
 0002:000000cc       __imp__HeapCreate@12       1000d0cc     kernel32:KERNEL32.dll
 0002:000000d0       __imp__VirtualFree@12      1000d0d0     kernel32:KERNEL32.dll
 0002:000000d4       __imp__VirtualAlloc@16     1000d0d4     kernel32:KERNEL32.dll
 0002:000000d8       __imp__IsBadWritePtr@8     1000d0d8     kernel32:KERNEL32.dll
 0002:000000dc       __imp__SetHandleCount@4    1000d0dc     kernel32:KERNEL32.dll
 0002:000000e0       __imp__GetStdHandle@4      1000d0e0     kernel32:KERNEL32.dll
 0002:000000e4       __imp__GetFileType@4       1000d0e4     kernel32:KERNEL32.dll
 0002:000000e8       __imp__GetStartupInfoA@4   1000d0e8     kernel32:KERNEL32.dll
 0002:000000ec       __imp__FreeEnvironmentStringsA@4 1000d0ec     kernel32:KERNEL32.dll
 0002:000000f0       __imp__FreeEnvironmentStringsW@4 1000d0f0     kernel32:KERNEL32.dll
 0002:000000f4       __imp__GetEnvironmentStrings@0 1000d0f4     kernel32:KERNEL32.dll
 0002:000000f8       __imp__GetEnvironmentStringsW@0 1000d0f8     kernel32:KERNEL32.dll
 0002:000000fc       __imp__WriteFile@20        1000d0fc     kernel32:KERNEL32.dll
 0002:00000100       __imp__SetFilePointer@16   1000d100     kernel32:KERNEL32.dll
 0002:00000104       __imp__InterlockedDecrement@4 1000d104     kernel32:KERNEL32.dll
 0002:00000108       __imp__InterlockedIncrement@4 1000d108     kernel32:KERNEL32.dll
 0002:0000010c       __imp__SetUnhandledExceptionFilter@4 1000d10c     kernel32:KERNEL32.dll
 0002:00000110       __imp__IsBadReadPtr@8      1000d110     kernel32:KERNEL32.dll
 0002:00000114       \177KERNEL32_NULL_THUNK_DATA 1000d114     kernel32:KERNEL32.dll
 0002:00000118       __imp__PathFindFileNameA@4 1000d118     shlwapi:SHLWAPI.dll
 0002:0000011c       \177SHLWAPI_NULL_THUNK_DATA 1000d11c     shlwapi:SHLWAPI.dll
 0002:00000120       __imp__wsprintfA           1000d120     user32:USER32.dll
 0002:00000124       \177USER32_NULL_THUNK_DATA 1000d124     user32:USER32.dll
 0002:00000128       __imp__ntohs@4             1000d128     wsock32:WSOCK32.dll
 0002:0000012c       __imp__sendto@24           1000d12c     wsock32:WSOCK32.dll
 0002:00000130       __imp__htonl@4             1000d130     wsock32:WSOCK32.dll
 0002:00000134       __imp__socket@12           1000d134     wsock32:WSOCK32.dll
 0002:00000138       __imp__htons@4             1000d138     wsock32:WSOCK32.dll
 0002:0000013c       __imp__recvfrom@24         1000d13c     wsock32:WSOCK32.dll
 0002:00000140       __imp__ntohl@4             1000d140     wsock32:WSOCK32.dll
 0002:00000144       __imp__WSAGetLastError@0   1000d144     wsock32:WSOCK32.dll
 0002:00000148       __imp__shutdown@8          1000d148     wsock32:WSOCK32.dll
 0002:0000014c       __imp__closesocket@4       1000d14c     wsock32:WSOCK32.dll
 0002:00000150       __imp__inet_addr@4         1000d150     wsock32:WSOCK32.dll
 0002:00000154       __imp__gethostbyname@4     1000d154     wsock32:WSOCK32.dll
 0002:00000158       __imp__WSACleanup@0        1000d158     wsock32:WSOCK32.dll
 0002:0000015c       __imp__WSAStartup@8        1000d15c     wsock32:WSOCK32.dll
 0002:00000160       __imp__inet_ntoa@4         1000d160     wsock32:WSOCK32.dll
 0002:00000164       __imp__setsockopt@20       1000d164     wsock32:WSOCK32.dll
 0002:00000168       \177WSOCK32_NULL_THUNK_DATA 1000d168     wsock32:WSOCK32.dll
 0002:0000016c       __imp__Winssa_Log          1000d16c     wsslog:WssLog.dll
 0002:00000170       \177WssLog_NULL_THUNK_DATA 1000d170     wsslog:WssLog.dll
 0002:00000178       __real@8@4005c800000000000000 1000d178     wsft.obj
 0002:00000180       __tls_used                 1000d180     LIBCMT:tlssup.obj
 0002:00000198       ___dnames                  1000d198     LIBCMT:timeset.obj
 0002:000001b0       ___mnames                  1000d1b0     LIBCMT:timeset.obj
 0002:000001d8       ??_C@_02JHIA@TZ?$AA@       1000d1d8     LIBCMT:tzset.obj
 0002:000001dc       ___lookuptable             1000d1dc     LIBCMT:output.obj
 0002:00000238       ??_C@_1O@POHA@?$AA?$CI?$AAn?$AAu?$AAl?$AAl?$AA?$CJ?$AA?$AA@ 1000d238     LIBCMT:output.obj
 0002:00000248       ??_C@_06ONKE@?$CInull?$CJ?$AA@ 1000d248     LIBCMT:output.obj
 0002:000002c8       __real@8@3fff8000000000000000 1000d2c8     LIBCMT:testfdiv.obj
 0002:000002d0       __real@8@4015800bf60000000000 1000d2d0     LIBCMT:testfdiv.obj
 0002:000002d8       __real@8@4014bffffc0000000000 1000d2d8     LIBCMT:testfdiv.obj
 0002:000002e0       ??_C@_0BK@JEGK@IsProcessorFeaturePresent?$AA@ 1000d2e0     LIBCMT:testfdiv.obj
 0002:000002fc       ??_C@_08OBID@KERNEL32?$AA@ 1000d2fc     LIBCMT:testfdiv.obj
 0002:00000308       __real@8@00000000000000000000 1000d308     LIBCMT:cvt.obj
 0002:00000310       ??_C@_05OFLO@e?$CL000?$AA@ 1000d310     LIBCMT:cvt.obj
 0002:00000318       ??_C@_0P@GGKG@runtime?5error?5?$AA@ 1000d318     LIBCMT:crt0msg.obj
 0002:00000328       ??_C@_02PIMC@?$AN?6?$AA@   1000d328     LIBCMT:crt0msg.obj
 0002:0000032c       ??_C@_0O@DELO@TLOSS?5error?$AN?6?$AA@ 1000d32c     LIBCMT:crt0msg.obj
 0002:0000033c       ??_C@_0N@OMLL@SING?5error?$AN?6?$AA@ 1000d33c     LIBCMT:crt0msg.obj
 0002:0000034c       ??_C@_0P@OJAK@DOMAIN?5error?$AN?6?$AA@ 1000d34c     LIBCMT:crt0msg.obj
 0002:0000035c       ??_C@_0CF@EANP@R6028?$AN?6?9?5unable?5to?5initialize?5he@ 1000d35c     LIBCMT:crt0msg.obj
 0002:00000384       ??_C@_0DF@ECGN@R6027?$AN?6?9?5not?5enough?5space?5for?5lo@ 1000d384     LIBCMT:crt0msg.obj
 0002:000003bc       ??_C@_0DF@FKAC@R6026?$AN?6?9?5not?5enough?5space?5for?5st@ 1000d3bc     LIBCMT:crt0msg.obj
 0002:000003f4       ??_C@_0CG@DPMN@R6025?$AN?6?9?5pure?5virtual?5function?5c@ 1000d3f4     LIBCMT:crt0msg.obj
 0002:0000041c       ??_C@_0DF@CKIP@R6024?$AN?6?9?5not?5enough?5space?5for?5_o@ 1000d41c     LIBCMT:crt0msg.obj
 0002:00000454       ??_C@_0CJ@GGOE@R6019?$AN?6?9?5unable?5to?5open?5console?5@ 1000d454     LIBCMT:crt0msg.obj
 0002:00000480       ??_C@_0CB@LBOB@R6018?$AN?6?9?5unexpected?5heap?5error?$AN?6@ 1000d480     LIBCMT:crt0msg.obj
 0002:000004a4       ??_C@_0CN@FPEG@R6017?$AN?6?9?5unexpected?5multithread?5@ 1000d4a4     LIBCMT:crt0msg.obj
 0002:000004d4       ??_C@_0CM@OBIC@R6016?$AN?6?9?5not?5enough?5space?5for?5th@ 1000d4d4     LIBCMT:crt0msg.obj
 0002:00000500       ??_C@_0CB@HPAL@?$AN?6abnormal?5program?5termination?$AN?6@ 1000d500     LIBCMT:crt0msg.obj
 0002:00000524       ??_C@_0CM@JOOB@R6009?$AN?6?9?5not?5enough?5space?5for?5en@ 1000d524     LIBCMT:crt0msg.obj
 0002:00000550       ??_C@_0CK@OIBL@R6008?$AN?6?9?5not?5enough?5space?5for?5ar@ 1000d550     LIBCMT:crt0msg.obj
 0002:0000057c       ??_C@_0CF@LKPB@R6002?$AN?6?9?5floating?5point?5not?5load@ 1000d57c     LIBCMT:crt0msg.obj
 0002:000005a4       ??_C@_0CF@JPDF@Microsoft?5Visual?5C?$CL?$CL?5Runtime?5Lib@ 1000d5a4     LIBCMT:crt0msg.obj
 0002:000005cc       ??_C@_02JJJH@?6?6?$AA@     1000d5cc     LIBCMT:crt0msg.obj
 0002:000005d0       ??_C@_0BK@DEOK@Runtime?5Error?$CB?6?6Program?3?5?$AA@ 1000d5d0     LIBCMT:crt0msg.obj
 0002:000005ec       ??_C@_03NAME@?4?4?4?$AA@   1000d5ec     LIBCMT:crt0msg.obj
 0002:000005f0       ??_C@_0BH@NNCD@?$DMprogram?5name?5unknown?$DO?$AA@ 1000d5f0     LIBCMT:crt0msg.obj
 0002:00000608       ??_C@_0BD@NJFP@GetLastActivePopup?$AA@ 1000d608     LIBCMT:crtmbox.obj
 0002:0000061c       ??_C@_0BA@GILI@GetActiveWindow?$AA@ 1000d61c     LIBCMT:crtmbox.obj
 0002:0000062c       ??_C@_0M@PKCK@MessageBoxA?$AA@ 1000d62c     LIBCMT:crtmbox.obj
 0002:00000638       ??_C@_0L@HKL@user32?4dll?$AA@ 1000d638     LIBCMT:crtmbox.obj
 0002:00000644       ??_C@_01A@?$AA?$AA@        1000d644     LIBCMT:a_str.obj
 0002:00000648       ??_C@_13A@?$AA?$AA?$AA?$AA@ 1000d648     LIBCMT:a_str.obj
 0002:00000678       ??_C@_06PAPI@1?$CDQNAN?$AA@ 1000d678     LIBCMT:x10fout.obj
 0002:00000680       ??_C@_05BGNL@1?$CDINF?$AA@ 1000d680     LIBCMT:x10fout.obj
 0002:00000688       ??_C@_05EDPF@1?$CDIND?$AA@ 1000d688     LIBCMT:x10fout.obj
 0002:00000690       ??_C@_06LKFM@1?$CDSNAN?$AA@ 1000d690     LIBCMT:x10fout.obj
 0002:000006b0       ??_C@_07CJME@H?3mm?3ss?$AA@ 1000d6b0     LIBCMT:strftime.obj
 0002:000006b8       ??_C@_0BE@MHI@dddd?0?5MMMM?5dd?0?5yyyy?$AA@ 1000d6b8     LIBCMT:strftime.obj
 0002:000006cc       ??_C@_06HCAD@M?1d?1yy?$AA@ 1000d6cc     LIBCMT:strftime.obj
 0002:000006d4       ??_C@_02DBLP@PM?$AA@       1000d6d4     LIBCMT:strftime.obj
 0002:000006d8       ??_C@_02ENLM@AM?$AA@       1000d6d8     LIBCMT:strftime.obj
 0002:000006dc       ??_C@_08LIDF@December?$AA@ 1000d6dc     LIBCMT:strftime.obj
 0002:000006e8       ??_C@_08NJLI@November?$AA@ 1000d6e8     LIBCMT:strftime.obj
 0002:000006f4       ??_C@_07IAMM@October?$AA@  1000d6f4     LIBCMT:strftime.obj
 0002:000006fc       ??_C@_09MKGD@September?$AA@ 1000d6fc     LIBCMT:strftime.obj
 0002:00000708       ??_C@_06PADP@August?$AA@   1000d708     LIBCMT:strftime.obj
 0002:00000710       ??_C@_04PIJO@July?$AA@     1000d710     LIBCMT:strftime.obj
 0002:00000718       ??_C@_04ICFP@June?$AA@     1000d718     LIBCMT:strftime.obj
 0002:00000720       ??_C@_05JFGC@April?$AA@    1000d720     LIBCMT:strftime.obj
 0002:00000728       ??_C@_05FGPD@March?$AA@    1000d728     LIBCMT:strftime.obj
 0002:00000730       ??_C@_08PGBA@February?$AA@ 1000d730     LIBCMT:strftime.obj
 0002:0000073c       ??_C@_07BPKJ@January?$AA@  1000d73c     LIBCMT:strftime.obj
 0002:00000744       ??_C@_03PGJO@Dec?$AA@      1000d744     LIBCMT:strftime.obj
 0002:00000748       ??_C@_03PDLM@Nov?$AA@      1000d748     LIBCMT:strftime.obj
 0002:0000074c       ??_C@_03BLHK@Oct?$AA@      1000d74c     LIBCMT:strftime.obj
 0002:00000750       ??_C@_03DPFM@Sep?$AA@      1000d750     LIBCMT:strftime.obj
 0002:00000754       ??_C@_03CMCH@Aug?$AA@      1000d754     LIBCMT:strftime.obj
 0002:00000758       ??_C@_03OBKI@Jul?$AA@      1000d758     LIBCMT:strftime.obj
 0002:0000075c       ??_C@_03LEIG@Jun?$AA@      1000d75c     LIBCMT:strftime.obj
 0002:00000760       ??_C@_03MGHB@May?$AA@      1000d760     LIBCMT:strftime.obj
 0002:00000764       ??_C@_03MJJM@Apr?$AA@      1000d764     LIBCMT:strftime.obj
 0002:00000768       ??_C@_03GNHA@Mar?$AA@      1000d768     LIBCMT:strftime.obj
 0002:0000076c       ??_C@_03PICE@Feb?$AA@      1000d76c     LIBCMT:strftime.obj
 0002:00000770       ??_C@_03IEIF@Jan?$AA@      1000d770     LIBCMT:strftime.obj
 0002:00000774       ??_C@_08FAKH@Saturday?$AA@ 1000d774     LIBCMT:strftime.obj
 0002:00000780       ??_C@_06ONCK@Friday?$AA@   1000d780     LIBCMT:strftime.obj
 0002:00000788       ??_C@_08CCFO@Thursday?$AA@ 1000d788     LIBCMT:strftime.obj
 0002:00000794       ??_C@_09PBIN@Wednesday?$AA@ 1000d794     LIBCMT:strftime.obj
 0002:000007a0       ??_C@_07BMBC@Tuesday?$AA@  1000d7a0     LIBCMT:strftime.obj
 0002:000007a8       ??_C@_06CHLK@Monday?$AA@   1000d7a8     LIBCMT:strftime.obj
 0002:000007b0       ??_C@_06OOEM@Sunday?$AA@   1000d7b0     LIBCMT:strftime.obj
 0002:000007b8       ??_C@_03MPKK@Sat?$AA@      1000d7b8     LIBCMT:strftime.obj
 0002:000007bc       ??_C@_03FINJ@Fri?$AA@      1000d7bc     LIBCMT:strftime.obj
 0002:000007c0       ??_C@_03HIKC@Thu?$AA@      1000d7c0     LIBCMT:strftime.obj
 0002:000007c4       ??_C@_03HECK@Wed?$AA@      1000d7c4     LIBCMT:strftime.obj
 0002:000007c8       ??_C@_03ECCP@Tue?$AA@      1000d7c8     LIBCMT:strftime.obj
 0002:000007cc       ??_C@_03PIEP@Mon?$AA@      1000d7cc     LIBCMT:strftime.obj
 0002:000007d0       ??_C@_03FHEP@Sun?$AA@      1000d7d0     LIBCMT:strftime.obj
 0002:00000920       __IMPORT_DESCRIPTOR_GetIniFIle 1000d920     GetIniFile:GetIniFIle.dll
 0002:00000934       __IMPORT_DESCRIPTOR_WssLog 1000d934     wsslog:WssLog.dll
 0002:00000948       __IMPORT_DESCRIPTOR_WSOCK32 1000d948     wsock32:WSOCK32.dll
 0002:0000095c       __IMPORT_DESCRIPTOR_KERNEL32 1000d95c     kernel32:KERNEL32.dll
 0002:00000970       __IMPORT_DESCRIPTOR_USER32 1000d970     user32:USER32.dll
 0002:00000984       __IMPORT_DESCRIPTOR_SHLWAPI 1000d984     shlwapi:SHLWAPI.dll
 0002:00000998       __NULL_IMPORT_DESCRIPTOR   1000d998     GetIniFile:GetIniFIle.dll
 0003:00000000       ___xc_a                    1000f000     LIBCMT:crt0init.obj
 0003:00000004       ___xc_z                    1000f004     LIBCMT:crt0init.obj
 0003:00000008       ___xi_a                    1000f008     LIBCMT:crt0init.obj
 0003:0000001c       ___xi_z                    1000f01c     LIBCMT:crt0init.obj
 0003:00000020       ___xl_a                    1000f020     LIBCMT:tlssup.obj
 0003:00000024       ___xl_z                    1000f024     LIBCMT:tlssup.obj
 0003:00000028       ___xp_a                    1000f028     LIBCMT:crt0init.obj
 0003:00000030       ___xp_z                    1000f030     LIBCMT:crt0init.obj
 0003:00000034       ___xt_a                    1000f034     LIBCMT:crt0init.obj
 0003:0000003c       ___xt_z                    1000f03c     LIBCMT:crt0init.obj
 0003:00000040       ??_C@_0BH@GCGM@?$CFswsft?$CF04d?$CF02d?$CF02d?4log?$AA@ 1000f040     tracex.obj
 0003:00000058       ??_C@_0BA@HLDD@?$CFs?$CF04d?$CF02d?$CF02d?2?$AA@ 1000f058     tracex.obj
 0003:00000068       ??_C@_07OHFK@LogPath?$AA@  1000f068     tracex.obj
 0003:00000070       ??_C@_07OOCE@Pathinf?$AA@  1000f070     tracex.obj
 0003:00000078       ??_C@_08KPLB@BasePath?$AA@ 1000f078     tracex.obj
 0003:00000084       ??_C@_01PCFE@?2?$AA@       1000f084     tracex.obj
 0003:00000088       ??_C@_04NCFH@WSFT?$AA@     1000f088     tracex.obj
 0003:00000090       ??_C@_06EBMC@?$CI?$CFs?$CJ?$CFs?$AA@ 1000f090     tracex.obj
 0003:00000098       ??_C@_04EJJN@?4log?$AA@    1000f098     wsft.obj
 0003:000000a0       ??_C@_04LNHC@wsft?$AA@     1000f0a0     wsft.obj
 0003:000000a8       ??_C@_07PDKK@d?3?2work?$AA@ 1000f0a8     wsft.obj
 0003:000000b0       ??_C@_0L@FMEL@retrycount?$AA@ 1000f0b0     wsft.obj
 0003:000000bc       ??_C@_0L@KHOA@timeoutsec?$AA@ 1000f0bc     wsft.obj
 0003:000000c8       ??_C@_0L@PCAC@Port_Write?$AA@ 1000f0c8     wsft.obj
 0003:000000d4       ??_C@_09NKKC@Port_Read?$AA@ 1000f0d4     wsft.obj
 0003:000000e0       ??_C@_04HKJD@addr?$AA@     1000f0e0     wsft.obj
 0003:000000e8       ??_C@_04BHDA@Wsft?$AA@     1000f0e8     wsft.obj
 0003:000000f0       ??_C@_07GLOG@maxsize?$AA@  1000f0f0     wsft.obj
 0003:000000f8       ??_C@_0CG@BGNJ@wsft_start?$CI?$CJ?5?3?5?$IP?$IJ?$IK?z?$IJ?$LL?$IP?$II?$JH?$JN?$IC?p?$INs?$IC?$KC?$IC@ 1000f0f8     wsft.obj
 0003:00000120       ??_C@_0DD@FOHI@wsft_setserv?$CI?$CJ?3?5?$IDz?$IDX?$IDg?$JG?$LM?$FL?$CFs?$FN?$IC?M?$IJ?p@ 1000f120     wsft.obj
 0003:00000154       ??_C@_07KCHC@0x?$CF08lx?$AA@ 1000f154     wsft.obj
 0003:0000015c       ??_C@_0O@ELJK@WSFTOPT_WPORT?$AA@ 1000f15c     wsft.obj
 0003:0000016c       ??_C@_0O@GLCK@WSFTOPT_RPORT?$AA@ 1000f16c     wsft.obj
 0003:0000017c       ??_C@_0DD@IKDI@wsft_setservstr?$CI?$CJ?5?3?5?$IP?$IJ?$IK?z?$IJ?$LL?$IP?$II?$JH?$JN?$IC?$KK@ 1000f17c     wsft.obj
 0003:000001b0       ??_C@_0DA@HPFH@wsft_setserv?$CI?$CJ?5?3?5?$IP?$IJ?$IK?z?$IJ?$LL?$IP?$II?$JH?$JN?$IC?$KK?$INs?$IC@ 1000f1b0     wsft.obj
 0003:000001e0       ??_C@_0EB@LNBP@wsft_setopt?$CI?$CJ?5?3?5?$IOw?$JC?h?$IC?$LD?$IC?j?$IC?$LN?$JA?$NN?$JC?h?$IN?$IA@ 1000f1e0     wsft.obj
 0003:00000224       ??_C@_0EC@CNDI@wsft_setopt?$CI?$CJ?5?3?5?$ID?$IK?$IDg?$ID?$IJ?$IDC?$IJ?q?$JA?$JE?$IC?I?$JE?M@ 1000f224     wsft.obj
 0003:00000268       ??_C@_0DE@KABP@wsft_setopt?$CI?$CJ?5?3?5?$ID?$IK?$IDg?$ID?$IJ?$IDC?$IJ?q?$JA?$JE?$IC?p?5?$FL@ 1000f268     wsft.obj
 0003:0000029c       ??_C@_0O@JNIG@WSFTOPT_RETRY?$AA@ 1000f29c     wsft.obj
 0003:000002ac       ??_C@_0DI@LHIH@wsft_setopt?$CI?$CJ?5?3?5?$ID?$FO?$IDC?$ID?$IA?$IDA?$IDE?$IDg?$IO?$JO?$IK?T@ 1000f2ac     wsft.obj
 0003:000002e4       ??_C@_0BA@JLLF@WSFTOPT_TIMEOUT?$AA@ 1000f2e4     wsft.obj
 0003:000002f4       ??_C@_0DI@INBN@wsft_setopt?$CI?$CJ?3?5?$IP?$JB?$IN?$JO?$IC?$NN?$ID?$HM?$IB?$FL?$IDg?$FL?$CFd?$FN?$IC@ 1000f2f4     wsft.obj
 0003:0000032c       ??_C@_0DI@NBC@wsft_setopt?$CI?$CJ?3?5?$JD?G?$IN?$JO?$IC?$NN?$ID?$HM?$IB?$FL?$IDg?$FL?$CFd?$FN?$IC@ 1000f32c     wsft.obj
 0003:00000364       ??_C@_0DI@KOJF@wsft_setopt?$CI?$CJ?5?3?5?$JC?J?$JAM?$IC?$LH?$IC?i?$IDT?$IB?$FL?$IDo?$IB?$FL@ 1000f364     wsft.obj
 0003:0000039c       ??_C@_0O@DPNG@WSFTOPT_SADDR?$AA@ 1000f39c     wsft.obj
 0003:000003ac       ??_C@_0CP@DAAD@wsft_setopt?$CI?$CJ?5?3?5?$IP?$IJ?$IK?z?$IJ?$LL?$IP?$II?$JH?$JN?$IC?$KK?$INs?$IC?m@ 1000f3ac     wsft.obj
 0003:000003dc       ??_C@_0EB@JNEH@wsft_getopt?$CI?$CJ?5?3?5?$IOw?$JC?h?$IC?$LD?$IC?j?$IC?$LN?$JA?$NN?$JC?h?$IN?$IA@ 1000f3dc     wsft.obj
 0003:00000420       ??_C@_0DA@DIOL@wsft_getopt?$CI?$CJ?5?3?5?$ID?$IK?$IDg?$ID?$IJ?$IDC?$IJ?q?$JA?$JE?5?$FL?$CFl@ 1000f420     wsft.obj
 0003:00000450       ??_C@_0DE@FAIG@wsft_getopt?$CI?$CJ?5?3?5?$ID?$FO?$IDC?$ID?$IA?$IDA?$IDE?$IDg?$IO?$JO?$IK?T@ 1000f450     wsft.obj
 0003:00000484       ??_C@_0DI@NKMB@wsft_getopt?$CI?$CJ?5?3?5?$IP?$JB?$IC?$KL?$IN?$JO?$IC?$NN?$JHp?$ID?$HM?$IB?$FL?$IDg@ 1000f484     wsft.obj
 0003:000004bc       ??_C@_0DI@DJDJ@wsft_getopt?$CI?$CJ?5?3?5?$JD?G?$IC?$NN?$IN?$JO?$IC?$NN?$JHp?$ID?$HM?$IB?$FL?$IDg@ 1000f4bc     wsft.obj
 0003:000004f4       ??_C@_0DC@GGMK@wsft_getopt?$CI?$CJ?5?3?5?$JC?J?$JAM?$JA?f?$IDA?$IDh?$ID?$IM?$IDX?5?$FL@ 1000f4f4     wsft.obj
 0003:00000528       ??_C@_0CP@LCNJ@wsft_getopt?$CI?$CJ?5?3?5?$IP?$IJ?$IK?z?$IJ?$LL?$IP?$II?$JH?$JN?$IC?$KK?$INs?$IC?m@ 1000f528     wsft.obj
 0003:00000558       ??_C@_0ED@OHAM@wsft_infofile?$CI?$CJ?5?3?5?$JG?$NP?$IC?h?$JCl?5?$CI?$CFld?$CJ?5?$IC@ 1000f558     wsft.obj
 0003:0000059c       ??_C@_0FA@BFEM@wsft_infofile?$CI?$CJ?5?3?5?$IDt?$ID?$EA?$IDC?$ID?$IL?$IP?n?$JF?q?$IC?p@ 1000f59c     wsft.obj
 0003:000005ec       ??_C@_0DB@CE@wsft_infofile?$CI?$CJ?5?3?5?$IP?$IJ?$IK?z?$IJ?$LL?$IP?$II?$JH?$JN?$IC?$KK?$INs@ 1000f5ec     wsft.obj
 0003:00000620       ??_C@_0ED@DHHI@wsft_readfile?$CI?$CJ?5?3?5?$JG?$NP?$IC?h?$JCl?5?$CI?$CFld?$CJ?5?$IC@ 1000f620     wsft.obj
 0003:00000664       ??_C@_0DO@MLPE@com_readfile?$CI?$CJ?5?3?5com_infofile?$IK?V?$JA@ 1000f664     wsft.obj
 0003:000006a4       ??_C@_0EM@EBDP@wsft_readfile?$CI?$CJ?5?3?5?$IDt?$ID?$EA?$IDC?$ID?$IL?$IC?p?$IO?f?$JD?$LO@ 1000f6a4     wsft.obj
 0003:000006f0       ??_C@_0DB@HNAL@wsft_readfile?$CI?$CJ?5?3?5?$IP?$IJ?$IK?z?$IJ?$LL?$IP?$II?$JH?$JN?$IC?$KK?$INs@ 1000f6f0     wsft.obj
 0003:00000724       ??_C@_0CB@PAOJ@wsft_read_rec?$CI?$CJ?5?3?5?$II?x?$JA?$JE?$IC?$KK?$JG?$LD?$IM?x?$IC?E?$IC?$LH@ 1000f724     wsft.obj
 0003:00000748       ??_C@_0ED@DFEP@wsft_read_rec?$CI?$CJ?5?3?5?$JG?$NP?$IC?h?$JCl?5?$CI?$CFld?$CJ?5?$IC@ 1000f748     wsft.obj
 0003:0000078c       ??_C@_0FD@MJDG@wsft_read_rec?$CI?$CJ?5?3?5?$IDt?$ID?$EA?$IDC?$ID?$IL?$IC?p?$IO?f?$JD?$LO@ 1000f78c     wsft.obj
 0003:000007e0       ??_C@_0EF@KLLF@wsft_writefile?$CI?$CJ?5?3?5?$JG?$NP?$IC?h?$JCl?5?$CI?$CFld?$CJ?5@ 1000f7e0     wsft.obj
 0003:00000828       ??_C@_0FA@GNNC@wsft_writefile?$CIfid?3?$DN?$CFu?0?5rec?3?$DN?$CFu?0@ 1000f828     wsft.obj
 0003:00000878       ??_C@_0FG@OHAI@wsft_writefile?$CI?$CJ?5?3?5?$JBO?$IJ?q?$IC?L?$IP?$JB?$IC?$KL?$IN?$JO?$IC@ 1000f878     wsft.obj
 0003:000008d0       ??_C@_0DC@NALJ@wsft_writefile?$CI?$CJ?5?3?5?$IP?$IJ?$IK?z?$IJ?$LL?$IP?$II?$JH?$JN?$IC?$KK?$IN@ 1000f8d0     wsft.obj
 0003:00000904       ??_C@_0ED@HDBI@wsft_readaddr?$CI?$CJ?5?3?5?$JG?$NP?$IC?h?$JCl?5?$CI?$CFld?$CJ?5?$IC@ 1000f904     wsft.obj
 0003:00000948       ??_C@_0GA@BMAI@wsft_readfile?$CI?$CJ?5?3?5?$IDA?$IDh?$ID?$IM?$IDX?$IOw?$JC?h?$IC?I@ 1000f948     wsft.obj
 0003:000009a8       ??_C@_0DB@MJFH@wsft_readaddr?$CI?$CJ?5?3?5?$IP?$IJ?$IK?z?$IJ?$LL?$IP?$II?$JH?$JN?$IC?$KK?$INs@ 1000f9a8     wsft.obj
 0003:000009dc       ??_C@_0ED@EPOL@wsft_addrfile?$CI?$CJ?5?3?5?$JG?$NP?$IC?h?$JCl?5?$CI?$CFld?$CJ?5?$IC@ 1000f9dc     wsft.obj
 0003:00000a20       ??_C@_0GF@FHIH@wsft_writefile?$CI?$CJ?5?3?5?$IDA?$IDh?$ID?$IM?$IDX?$IOw?$JC?h?$IC@ 1000fa20     wsft.obj
 0003:00000a88       ??_C@_0DC@GEOF@wsft_writeaddr?$CI?$CJ?5?3?5?$IP?$IJ?$IK?z?$IJ?$LL?$IP?$II?$JH?$JN?$IC?$KK?$IN@ 1000fa88     wsft.obj
 0003:00000abc       ??_C@_0CI@MAOB@wsft_end?$CI?$CJ?5?3?5?$ID?$IK?$ID?2?$IB?$FL?$IDX?$IC?L?$IKJ?$JF?z?$IC?p?$INs?$IC@ 1000fabc     wsft.obj
 0003:00000ae4       ??_C@_0CM@NOAM@wsft_end?$CI?$CJ?5?3?5?$IP?$IJ?$IK?z?$IJ?$LL?$IP?$II?$JH?$JN?$IC?$KK?$INs?$IC?m?$IC?j?$IC@ 1000fae4     wsft.obj
 0003:00000b10       ??_C@_0CG@PED@?$CI?$CFs?$CJwsft_resume?$CI?$CJ?3?5?$JC?J?$JAM?$IC?p?$IN?D?$IKJ?$IC?$LF?$IC@ 1000fb10     wsft.obj
 0003:00000b38       ??_C@_0CE@LLKJ@?$CI?$CFs?$CJwsft_stop?$CI?$CJ?3?5?$JC?J?$JAM?$IC?p?$JC?b?$IO?$HO?$IC?$LF?$IC?$NM?$IC@ 1000fb38     wsft.obj
 0003:00000b5c       ??_C@_0CI@EDBE@?$CFs?$CI?$CFd?$CJ?3?5WinSock?$IC?L?$IDo?$IB?$FL?$IDW?$ID?$IH?$ID?$JD?$IC?$KK?$II?a?$IC@ 1000fb5c     wsft.obj
 0003:00000b84       ??_C@_0CI@EPMP@?$CFs?$CI?$CFd?$CJ?3?5WinSock?$IC?L?$IP?$IJ?$IK?z?$IJ?$LL?$IC?I?$IO?$LI?$JEs?$IC?$LF?$IC@ 1000fb84     wsft.obj
 0003:00000bac       ??_C@_0CI@BJIG@C?3?2PROJECTS?2WinAs?2GNw4210?2wsft?2w@ 1000fbac     wsft.obj
 0003:00000bd4       ??_C@_0DM@BPBK@CloseSocket?3?5?$ID?$FO?$IDC?$ID?$IA?$IDA?$IDE?$IDg?$JE?$KN?$JA?$LG?$JH?$KG?5@ 1000fbd4     wsft.obj
 0003:00000c10       ??_C@_0CN@LFCI@CloseSocket?3?5?$ID?$FO?$IDC?$ID?$IA?$IDA?$IDE?$IDg?$JE?$KN?$JA?$LG?$JH?$KG?5@ 1000fc10     wsft.obj
 0003:00000c40       ??_C@_0EJ@FIOB@?$CFs?$CI?$CFd?$CJ?3?5SetServer?$CI?$CJ?3?5?$ID?$FO?$IDC?$ID?$IA?$IDA?$IDE?$ID@ 1000fc40     wsft_com.obj
 0003:00000c8c       ??_C@_0CM@PEKG@C?3?2PROJECTS?2WinAs?2GNw4210?2wsft?2w@ 1000fc8c     wsft_com.obj
 0003:00000cb8       ??_C@_0EA@DLI@SetServer?$CI?$CJ?5?3?5?$IDT?$IB?$FL?$IDo?$IB?$FL?5?$FL?$CFd?4?$CFd?4?$CFd@ 1000fcb8     wsft_com.obj
 0003:00000cf8       ??_C@_0DC@HILM@ConnectHost?$CI?$CJ?5?3?5UDP?$ID?2?$IDP?$IDb?$IDg?$IC?L?$IN?l?$JA@ 1000fcf8     wsft_com.obj
 0003:00000d2c       ??_C@_0DL@LKEM@CheckCommonHeader?$CI?$CJ?3?$IDv?$ID?$IN?$IDg?$IDR?$ID?$IL?$IDo@ 1000fd2c     wsft_com.obj
 0003:00000d68       ??_C@_0EP@MICH@CheckCommonHeader?$CI?$CJ?3?$IDT?$ID?$HM?$IB?$FL?$IDg?$IC?$LD?$IC?j@ 1000fd68     wsft_com.obj
 0003:00000db8       ??_C@_0EE@GCHE@CheckCommonHeader?$CI?$CJ?3?$ILK?$JC?h?$IDR?$ID?$HN?$ID?$JD?$IDh@ 1000fdb8     wsft_com.obj
 0003:00000dfc       ??_C@_0DH@NDC@CheckCommonHeader?$CI?$CJ?3?$JE?M?$II?M?$IKO?$IC?L?$ID?$IM?$IDR@ 1000fdfc     wsft_com.obj
 0003:00000e34       ??_C@_0EB@KJEG@CheckCommonHeader?$CI?$CJ?3?$IC?$KA?$IC?h?$IC?$KG?$IC?H?$IC?$KC?$IDt@ 1000fe34     wsft_com.obj
 0003:00000e78       ??_C@_0EB@FJDH@CheckCommonHeader?$CI?$CJ?3?$IDA?$IDN?$IDZ?$IDX?$IL?V?$IO?$HO@ 1000fe78     wsft_com.obj
 0003:00000ebc       ??_C@_0HA@BOPF@CheckCommonHeader?$CI?$CJ?3?$IP?$JB?$IC?$KL?$IN?$JO?$IC?$NN?$IO?s?$JAM@ 1000febc     wsft_com.obj
 0003:00000f2c       ??_C@_0DA@JFG@CheckCommonHeader?$CI?$CJ?3SMF?$IC?I?$JG?$LD?$IC?$KC?$IDt?$ID@ 1000ff2c     wsft_com.obj
 0003:00000f5c       ??_C@_0DH@GMJM@CheckCommonHeader?$CI?$CJ?3?$IDt?$ID?$IM?$IB?$FL?$ID?$IA?$JE?$LC?$IC?$KP@ 1000ff5c     wsft_com.obj
 0003:00000f94       ??_C@_0GL@MFLH@CheckCommonHeader?$CI?$CJ?3?$JB?$LM?$IL?$EA?$IK?m?$IC?$KJ?$IC?g?$IP?$JB@ 1000ff94     wsft_com.obj
 0003:00001000       ??_C@_0DN@OHL@CheckCommonHeader?$CI?$CJ?3?$IP?$JB?$IC?$KL?$IN?$JO?$IC?$NN?$IP?$IA?$JE?u@ 10010000     wsft_com.obj
 0003:00001040       ??_C@_0DF@NJBL@SendAndRecv?$CI?$CJ?5?3?5?$IO?s?$JAM?$IC?I?$IO?$LI?$JEs?$IC?$LF?$IC?$NM?$IC?$LF@ 10010040     wsft_com.obj
 0003:00001078       ??_C@_0EH@KLCJ@CheckCommonHeader?$CI?$CJ?5?3?5Info?$FL?$CFld?$FN?5@ 10010078     wsft_com.obj
 0003:000010c0       ??_C@_0EN@LJNG@CheckCommonHeader?$CI?$CJ?5?3?5?$II?Y?$IC?H?$IC?i?$ID?$IM?$IDR@ 100100c0     wsft_com.obj
 0003:00001110       ??_C@_0FB@LDKM@CheckCommonHeader?$CI?$CJ?5?3?5?$II?Y?$IC?H?$IC?i?$IDt?$ID?$EA@ 10010110     wsft_com.obj
 0003:00001164       ??_C@_0EN@LCGA@CheckCommonHeader?$CI?$CJ?5?3?5?$II?Y?$IC?H?$IC?i?$IDR?$ID?$HN@ 10010164     wsft_com.obj
 0003:000011b4       ??_C@_0FD@DMIB@CheckCommonHeader?$CI?$CJ?5?3?5?$II?Y?$IC?H?$IC?i?$IDV?$IB?$FL@ 100101b4     wsft_com.obj
 0003:00001208       ??_C@_0DM@HAE@SendAndRecv?$CI?$CJ?$IBF?$IO?$IO?$INs?$CFd?$IBF?$JDd?$JF?$LG?$IC?p?$II?j?$JD@ 10010208     wsft_com.obj
 0003:00001244       ??_C@_0DL@LADG@SendAndRecv?$CI?$CJ?$IBF?$IO?$IO?$INs?$CFd?$IBF?$JDd?$JF?$LG?$IC?L?$JB?$JH?$JA@ 10010244     wsft_com.obj
 0003:00001280       ??_C@_0EL@HOKI@SendAndRecv?$CI?$CJ?$IBF?$IO?$IO?$INs?$CFd?$IBF?$ID?$FO?$IDC?$ID?$IA?$IDA?$ID@ 10010280     wsft_com.obj
 0003:000012cc       ??_C@_0DO@MNGK@?$CI?$CFs?$CJSendAndRecv?$CI?$CJ?3?5g_Suspended?5?$DN@ 100102cc     wsft_com.obj
 0003:0000130c       ??_C@_0DO@BCGJ@com_infofile?$CI?$CJ?5?3?5com_infofile?$IK?V?$JA@ 1001030c     wsft_com.obj
 0003:0000134c       ??_C@_0FC@ELEI@com_readfile?$CI?$CJ?5?3?5?$IDt?$ID?$EA?$IDC?$ID?$IL?$JE?T?$IN?$IG?$CI?$IDA@ 1001034c     wsft_com.obj
 0003:000013a0       ??_C@_0CO@PCAP@com_readfile?$CI?$CJ?5?3?5?$ID?$IB?$ID?$IC?$ID?$IK?$IC?L?$IKm?$JF?$NL?$IC?I?$IO@ 100103a0     wsft_com.obj
 0003:000013d0       ??_C@_0HL@GCAB@com_readfile?$CI?$CJ?5?3?5?$JC?J?$JAM?$IDt?$ID?$EA?$IDC?$ID?$IL?$IDT?$ID@ 100103d0     wsft_com.obj
 0003:0000144c       ??_C@_0EL@MHKA@com_readfile?$CI?$CJ?5?3?5?$IOw?$JC?h?$IC?$LD?$IC?j?$IC?$LN?$IDt?$ID?$EA?$ID@ 1001044c     wsft_com.obj
 0003:00001498       ??_C@_0EL@HPG@com_readfile?$CI?$CJ?5?3?5?$IOw?$JC?h?$IC?$LD?$IC?j?$IC?$LN?$IDt?$ID?$EA?$ID@ 10010498     wsft_com.obj
 0003:000014e4       ??_C@_0DO@MDAJ@com_readfile?$CI?$CJ?5?3?5fno?$DN?$CFld?0?5fsize?$DN@ 100104e4     wsft_com.obj
 0003:00001524       ??_C@_0DO@FKBM@com_readfile?$CI?$CJ?5?3?5com_readfile?$IK?V?$JA@ 10010524     wsft_com.obj
 0003:00001564       ??_C@_0FD@CDCC@com_readfile2?$CI?$CJ?5?3?5?$IDt?$ID?$EA?$IDC?$ID?$IL?$JE?T?$IN?$IG?$CI?$ID@ 10010564     wsft_com.obj
 0003:000015b8       ??_C@_0CP@LDFM@com_readfile2?$CI?$CJ?5?3?5?$ID?$IB?$ID?$IC?$ID?$IK?$IC?L?$IKm?$JF?$NL?$IC?I@ 100105b8     wsft_com.obj
 0003:000015e8       ??_C@_0EM@FDMM@com_readfile2?$CI?$CJ?5?3?5?$IOw?$JC?h?$IC?$LD?$IC?j?$IC?$LN?$IDt?$ID?$EA@ 100105e8     wsft_com.obj
 0003:00001634       ??_C@_0EM@JDJK@com_readfile2?$CI?$CJ?5?3?5?$IOw?$JC?h?$IC?$LD?$IC?j?$IC?$LN?$IDt?$ID?$EA@ 10010634     wsft_com.obj
 0003:00001680       ??_C@_0DP@CKBI@com_readfile2?$CI?$CJ?5?3?5fno?$DN?$CFld?0?5fsize@ 10010680     wsft_com.obj
 0003:000016c0       ??_C@_0EA@PNFF@com_readfile2?$CI?$CJ?5?3?5com_readfile2?$IK@ 100106c0     wsft_com.obj
 0003:00001700       ??_C@_0EA@DLMH@com_writefile?$CI?$CJ?5?3?5com_writefile?$IK@ 10010700     wsft_com.obj
 0003:00001740       ??_C@_0HK@CLNA@com_writefile?$CI?$CJ?5?3?5?$IP?$JB?$IC?$KL?$IN?$JO?$IC?$NO?$IDo?$IDb?$IDt@ 10010740     wsft_com.obj
 0003:000017bc       __NLG_Destination          100107bc     LIBCMT:exsup.obj
 0003:000017d0       __fltused                  100107d0     LIBCMT:fpinit.obj
 0003:000017d4       __ldused                   100107d4     LIBCMT:fpinit.obj
 0003:000017d8       __FPinit                   100107d8     LIBCMT:fpinit.obj
 0003:000017dc       __FPmtinit                 100107dc     LIBCMT:fpinit.obj
 0003:000017e0       __FPmtterm                 100107e0     LIBCMT:fpinit.obj
 0003:000017f0       __aexit_rtn                100107f0     LIBCMT:dllcrt0.obj
 0003:000017f4       __timezone                 100107f4     LIBCMT:timeset.obj
 0003:000017f8       __daylight                 100107f8     LIBCMT:timeset.obj
 0003:000017fc       __dstbias                  100107fc     LIBCMT:timeset.obj
 0003:00001880       __tzname                   10010880     LIBCMT:timeset.obj
 0003:000018a4       ___nullstring              100108a4     LIBCMT:output.obj
 0003:000018a8       ___wnullstring             100108a8     LIBCMT:output.obj
 0003:000018b0       ___tlsindex                100108b0     LIBCMT:tidtable.obj
 0003:000018b4       ?__pInconsistency@@3P6AXXZA 100108b4     LIBCMT:hooks.obj
 0003:000018b8       __cfltcvt_tab              100108b8     LIBCMT:cmiscdat.obj
 0003:000018d0       __amblksiz                 100108d0     LIBCMT:heapinit.obj
 0003:000018d4       __locktable                100108d4     LIBCMT:mlock.obj
 0003:00001994       ___sbh_threshold           10010994     LIBCMT:sbheap.obj
 0003:00001998       ___badioinfo               10010998     LIBCMT:ioinit.obj
 0003:00001a50       __lpdays                   10010a50     LIBCMT:days.obj
 0003:00001a84       __days                     10010a84     LIBCMT:days.obj
 0003:00001ab8       __iob                      10010ab8     LIBCMT:_file.obj
 0003:00001d38       __pctype                   10010d38     LIBCMT:ctype.obj
 0003:00001d3c       __pwctype                  10010d3c     LIBCMT:ctype.obj
 0003:00001d40       __ctype                    10010d40     LIBCMT:ctype.obj
 0003:00001f50       __XcptActTab               10010f50     LIBCMT:winxfltr.obj
 0003:00001fc8       __First_FPE_Indx           10010fc8     LIBCMT:winxfltr.obj
 0003:00001fcc       __Num_FPE                  10010fcc     LIBCMT:winxfltr.obj
 0003:00001fd0       __XcptActTabSize           10010fd0     LIBCMT:winxfltr.obj
 0003:00001fd4       __XcptActTabCount          10010fd4     LIBCMT:winxfltr.obj
 0003:00001fe0       ___mb_cur_max              10010fe0     LIBCMT:nlsdata1.obj
 0003:00001fe4       ___decimal_point           10010fe4     LIBCMT:nlsdata1.obj
 0003:00001fe8       ___decimal_point_length    10010fe8     LIBCMT:nlsdata1.obj
 0003:000023a0       ___lc_time_curr            100113a0     LIBCMT:strftime.obj
 0003:000023a8       ___lc_time_c               100113a8     LIBCMT:strftime.obj
 0003:00002458       ___lconv_static_decimal    10011458     LIBCMT:lconv.obj
 0003:00002460       ___lconv_c                 10011460     LIBCMT:lconv.obj
 0003:00002490       ___lconv                   10011490     LIBCMT:lconv.obj
 0003:000024a0       __pow10pos                 100114a0     LIBCMT:constpow.obj
 0003:00002600       __pow10neg                 10011600     LIBCMT:constpow.obj
 0003:00002778       ?_Nil@?$_Tree@HU?$pair@$$CBHK@std@@U_Kfn@?$map@HKU?$less@H@std@@V?$allocator@K@2@@2@U?$less@H@2@V?$allocator@K@2@@std@@1PAU_Node@12@A 10011778     wsft.obj
 0003:0000277c       ?_Nilrefs@?$_Tree@HU?$pair@$$CBHK@std@@U_Kfn@?$map@HKU?$less@H@std@@V?$allocator@K@2@@2@U?$less@H@2@V?$allocator@K@2@@std@@1IA 1001177c     wsft.obj
 0003:000027b8       __tls_index                100117b8     LIBCMT:tlssup.obj
 0003:000027bc       ___fastflag                100117bc     LIBCMT:fpinit.obj
 0003:000027c0       __adjust_fdiv              100117c0     LIBCMT:fpinit.obj
 0003:000027c8       __aenvptr                  100117c8     LIBCMT:dllcrt0.obj
 0003:000027cc       __wenvptr                  100117cc     LIBCMT:dllcrt0.obj
 0003:000027d0       ___error_mode              100117d0     LIBCMT:dllcrt0.obj
 0003:000027d4       ___app_type                100117d4     LIBCMT:dllcrt0.obj
 0003:000028bc       __umaskval                 100118bc     LIBCMT:crt0dat.obj
 0003:000028c0       __osver                    100118c0     LIBCMT:crt0dat.obj
 0003:000028c4       __winver                   100118c4     LIBCMT:crt0dat.obj
 0003:000028c8       __winmajor                 100118c8     LIBCMT:crt0dat.obj
 0003:000028cc       __winminor                 100118cc     LIBCMT:crt0dat.obj
 0003:000028d0       ___argc                    100118d0     LIBCMT:crt0dat.obj
 0003:000028d4       ___argv                    100118d4     LIBCMT:crt0dat.obj
 0003:000028d8       ___wargv                   100118d8     LIBCMT:crt0dat.obj
 0003:000028dc       __environ                  100118dc     LIBCMT:crt0dat.obj
 0003:000028e0       ___initenv                 100118e0     LIBCMT:crt0dat.obj
 0003:000028e4       __wenviron                 100118e4     LIBCMT:crt0dat.obj
 0003:000028e8       ___winitenv                100118e8     LIBCMT:crt0dat.obj
 0003:000028ec       __pgmptr                   100118ec     LIBCMT:crt0dat.obj
 0003:000028f0       __wpgmptr                  100118f0     LIBCMT:crt0dat.obj
 0003:000028f4       __exitflag                 100118f4     LIBCMT:crt0dat.obj
 0003:000028f8       __C_Termination_Done       100118f8     LIBCMT:crt0dat.obj
 0003:000028fc       __C_Exit_Done              100118fc     LIBCMT:crt0dat.obj
 0003:00002960       __newmode                  10011960     LIBCMT:_newmode.obj
 0003:00002964       ?_pnhHeap@@3P6AHI@ZA       10011964     LIBCMT:handler.obj
 0003:00002a70       __adbgmsg                  10011a70     LIBCMT:crt0msg.obj
 0003:00002a74       ___lc_handle               10011a74     LIBCMT:nlsdata2.obj
 0003:00002a8c       ___lc_codepage             10011a8c     LIBCMT:nlsdata2.obj
 0003:00002a90       ___lc_collate_cp           10011a90     LIBCMT:nlsdata2.obj
 0003:00002a94       __cflush                   10011a94     LIBCMT:_file.obj
 0003:00002ad8       ___lc_time_intl            10011ad8     LIBCMT:inittime.obj
 0003:00002af4       ___lc_id                   10011af4     LIBCMT:nlsdata3.obj
 0003:00002b44       ___lconv_static_null       10011b44     LIBCMT:lconv.obj
 0003:00002b54       __afxForceEXCLUDE          10011b54     nafxcw:nolib.obj
 0003:00002b58       ___setlc_active            10011b58     <common>
 0003:00002b5c       ___unguarded_readlc_active 10011b5c     <common>
 0003:00002b60       ___mbcodepage              10011b60     <common>
 0003:00002b70       ___mbulinfo                10011b70     <common>
 0003:00002b7c       ___ismbcodepage            10011b7c     <common>
 0003:00002b80       __mbcasemap                10011b80     <common>
 0003:00002c80       __mbctype                  10011c80     <common>
 0003:00002d84       ___mblcid                  10011d84     <common>
 0003:00002d88       ___piob                    10011d88     <common>
 0003:00002da0       __bufin                    10011da0     <common>
 0003:00003da0       __nstream                  10012da0     <common>
 0003:00003dc0       ___pioinfo                 10012dc0     <common>
 0003:00003ec0       __nhandle                  10012ec0     <common>
 0003:00003ec4       ___sbh_sizeHeaderList      10012ec4     <common>
 0003:00003ec8       ___sbh_indGroupDefer       10012ec8     <common>
 0003:00003ecc       ___sbh_pHeaderScan         10012ecc     <common>
 0003:00003ed0       ___sbh_pHeaderDefer        10012ed0     <common>
 0003:00003ed4       ___sbh_cntHeaderList       10012ed4     <common>
 0003:00003ed8       ___sbh_pHeaderList         10012ed8     <common>
 0003:00003edc       __crtheap                  10012edc     <common>
 0003:00003ee0       ___env_initialized         10012ee0     <common>
 0003:00003ee4       ___mbctype_initialized     10012ee4     <common>
 0003:00003ee8       ___onexitend               10012ee8     <common>
 0003:00003eec       ___onexitbegin             10012eec     <common>
 0003:00003ef0       __acmdln                   10012ef0     <common>
 0003:00003ef4       __pRawDllMain              10012ef4     <common>
 0004:00000000       ?g_Suspended@@3JA          10013000     wsft.obj
 0005:00000000       __tls_start                10014000     LIBCMT:tlssup.obj
 0005:00000190       ?g_szExeName@@3PADA        10014190     wsft.obj
 0005:00000294       ?g_dwTOCount@@3PAKA        10014294     wsft_com.obj
 0005:0000029c       __tls_end                  1001429c     LIBCMT:tlssup.obj

 entry point at        0001:0000437e

 Static symbols

 0001:00000ed0       _$E4                       10001ed0 f   wsft.obj
 0001:000011f0       ?OnProcessAttach@@YAHPAUHINSTANCE__@@@Z 100021f0 f   wsft.obj
 0001:00001290       ?OnProcessDetach@@YAHPAUHINSTANCE__@@@Z 10002290 f   wsft.obj
 0001:000001f0       ?vTraceX@@YAXW4TRACE_LEVEL@@PBDPAD@Z 100011f0 f   tracex.obj
 0001:0000367d       ?_CleanUp@std@@YAXXZ       1000467d f   libcpmt:xlock.obj
 0001:0000afb0       _findenv                   1000bfb0 f   LIBCMT:setenv.obj
 0001:0000b008       _copy_environ              1000c008 f   LIBCMT:setenv.obj
 0001:0000adfe       _strncnt                   1000bdfe f   LIBCMT:a_cmp.obj
 0001:0000adfe       _strncnt                   1000bdfe f   LIBCMT:a_cmp.obj
 0001:00009ed2       _siglookup                 1000aed2 f   LIBCMT:winsig.obj
 0001:00009cac       _flsall                    1000acac f   LIBCMT:fflush.obj
 0001:0000961e       _getSystemCP               1000a61e f   LIBCMT:mbctype.obj
 0001:00009668       _CPtoLCID                  1000a668 f   LIBCMT:mbctype.obj
 0001:0000969b       _setSBCS                   1000a69b f   LIBCMT:mbctype.obj
 0001:000096c4       _setSBUpLow                1000a6c4 f   LIBCMT:mbctype.obj
 0001:00008bd0       __abstract_cw              10009bd0 f   LIBCMT:ieee87.obj
 0001:00008c62       __hw_cw                    10009c62 f   LIBCMT:ieee87.obj
 0001:000088c0       LeadUp1                    100098c0 f   LIBCMT:memcpy.obj
 0001:000088ec       LeadUp2                    100098ec f   LIBCMT:memcpy.obj
 0001:00008910       LeadUp3                    10009910 f   LIBCMT:memcpy.obj
 0001:0000898f       UnwindUp0                  1000998f f   LIBCMT:memcpy.obj
 0001:0000897c       UnwindUp1                  1000997c f   LIBCMT:memcpy.obj
 0001:00008974       UnwindUp2                  10009974 f   LIBCMT:memcpy.obj
 0001:0000896c       UnwindUp3                  1000996c f   LIBCMT:memcpy.obj
 0001:00008964       UnwindUp4                  10009964 f   LIBCMT:memcpy.obj
 0001:0000895c       UnwindUp5                  1000995c f   LIBCMT:memcpy.obj
 0001:00008954       UnwindUp6                  10009954 f   LIBCMT:memcpy.obj
 0001:0000894c       UnwindUp7                  1000994c f   LIBCMT:memcpy.obj
 0001:000089a8       TrailUp0                   100099a8 f   LIBCMT:memcpy.obj
 0001:000089b0       TrailUp1                   100099b0 f   LIBCMT:memcpy.obj
 0001:000089bc       TrailUp2                   100099bc f   LIBCMT:memcpy.obj
 0001:000089d0       TrailUp3                   100099d0 f   LIBCMT:memcpy.obj
 0001:00008a48       LeadDown1                  10009a48 f   LIBCMT:memcpy.obj
 0001:00008a68       LeadDown2                  10009a68 f   LIBCMT:memcpy.obj
 0001:00008a90       LeadDown3                  10009a90 f   LIBCMT:memcpy.obj
 0001:00008ae4       UnwindDown7                10009ae4 f   LIBCMT:memcpy.obj
 0001:00008aec       UnwindDown6                10009aec f   LIBCMT:memcpy.obj
 0001:00008af4       UnwindDown5                10009af4 f   LIBCMT:memcpy.obj
 0001:00008afc       UnwindDown4                10009afc f   LIBCMT:memcpy.obj
 0001:00008b04       UnwindDown3                10009b04 f   LIBCMT:memcpy.obj
 0001:00008b0c       UnwindDown2                10009b0c f   LIBCMT:memcpy.obj
 0001:00008b14       UnwindDown1                10009b14 f   LIBCMT:memcpy.obj
 0001:00008b27       UnwindDown0                10009b27 f   LIBCMT:memcpy.obj
 0001:00008b40       TrailDown0                 10009b40 f   LIBCMT:memcpy.obj
 0001:00008b48       TrailDown1                 10009b48 f   LIBCMT:memcpy.obj
 0001:00008b58       TrailDown2                 10009b58 f   LIBCMT:memcpy.obj
 0001:00008b6c       TrailDown3                 10009b6c f   LIBCMT:memcpy.obj
 0001:00007761       _parse_cmdline             10008761 f   LIBCMT:stdargv.obj
 0001:00006422       __cftoe2                   10007422 f   LIBCMT:cvt.obj
 0001:00006539       __cftof2                   10007539 f   LIBCMT:cvt.obj
 0001:000066c4       __shift                    100076c4 f   LIBCMT:cvt.obj
 0001:00005ffc       _doexit                    10006ffc f   LIBCMT:crt0dat.obj
 0001:000060b3       __initterm                 100070b3 f   LIBCMT:crt0dat.obj
 0001:00005599       ?FindHandler@@YAXPAUEHExceptionRecord@@PAUEHRegistrationNode@@PAU_CONTEXT@@PAXPBU_s_FuncInfo@@EH1@Z 10006599 f   LIBCMT:frame.obj
 0001:0000574c       ?FindHandlerForForeignException@@YAXPAUEHExceptionRecord@@PAUEHRegistrationNode@@PAU_CONTEXT@@PAXPBU_s_FuncInfo@@HH1@Z 1000674c f   LIBCMT:frame.obj
 0001:000057f6       ?TypeMatch@@YAHPBU_s_HandlerType@@PBU_s_CatchableType@@PBU_s_ThrowInfo@@@Z 100067f6 f   LIBCMT:frame.obj
 0001:000058f1       ?FrameUnwindFilter@@YAHPAU_EXCEPTION_POINTERS@@@Z 100068f1 f   LIBCMT:frame.obj
 0001:00005907       ?CatchIt@@YAXPAUEHExceptionRecord@@PAUEHRegistrationNode@@PAU_CONTEXT@@PAXPBU_s_FuncInfo@@PBU_s_HandlerType@@PBU_s_CatchableType@@PBU_s_TryBlockMapEntry@@H1E@Z 10006907 f   LIBCMT:frame.obj
 0001:00005982       ?CallCatchBlock@@YAPAXPAUEHExceptionRecord@@PAUEHRegistrationNode@@PAU_CONTEXT@@PBU_s_FuncInfo@@PAXHK@Z 10006982 f   LIBCMT:frame.obj
 0001:00005a9d       ?ExFilterRethrow@@YAHPAU_EXCEPTION_POINTERS@@@Z 10006a9d f   LIBCMT:frame.obj
 0001:00005ac7       ?BuildCatchObject@@YAXPAUEHExceptionRecord@@PAUEHRegistrationNode@@PBU_s_HandlerType@@PBU_s_CatchableType@@@Z 10006ac7 f   LIBCMT:frame.obj
 0001:00005cf2       ?AdjustPointer@@YAPAXPAXABUPMD@@@Z 10006cf2 f   LIBCMT:frame.obj
 0001:00005435       _write_char                10006435 f   LIBCMT:output.obj
 0001:0000546a       _write_multi_char          1000646a f   LIBCMT:output.obj
 0001:0000549b       _write_string              1000649b f   LIBCMT:output.obj
 0001:000054d3       _get_int_arg               100064d3 f   LIBCMT:output.obj
 0001:000054e0       _get_int64_arg             100064e0 f   LIBCMT:output.obj
 0001:000054f0       _get_short_arg             100064f0 f   LIBCMT:output.obj
 0001:0000447c       __tzset_lk                 1000547c f   LIBCMT:tzset.obj
 0001:00004724       __isindst_lk               10005724 f   LIBCMT:tzset.obj
 0001:000048d0       _cvtdate                   100058d0 f   LIBCMT:tzset.obj
 0001:00003fe0       LeadUp1                    10004fe0 f   LIBCMT:memmove.obj
 0001:0000400c       LeadUp2                    1000500c f   LIBCMT:memmove.obj
 0001:00004030       LeadUp3                    10005030 f   LIBCMT:memmove.obj
 0001:000040af       UnwindUp0                  100050af f   LIBCMT:memmove.obj
 0001:0000409c       UnwindUp1                  1000509c f   LIBCMT:memmove.obj
 0001:00004094       UnwindUp2                  10005094 f   LIBCMT:memmove.obj
 0001:0000408c       UnwindUp3                  1000508c f   LIBCMT:memmove.obj
 0001:00004084       UnwindUp4                  10005084 f   LIBCMT:memmove.obj
 0001:0000407c       UnwindUp5                  1000507c f   LIBCMT:memmove.obj
 0001:00004074       UnwindUp6                  10005074 f   LIBCMT:memmove.obj
 0001:0000406c       UnwindUp7                  1000506c f   LIBCMT:memmove.obj
 0001:000040c8       TrailUp0                   100050c8 f   LIBCMT:memmove.obj
 0001:000040d0       TrailUp1                   100050d0 f   LIBCMT:memmove.obj
 0001:000040dc       TrailUp2                   100050dc f   LIBCMT:memmove.obj
 0001:000040f0       TrailUp3                   100050f0 f   LIBCMT:memmove.obj
 0001:00004168       LeadDown1                  10005168 f   LIBCMT:memmove.obj
 0001:00004188       LeadDown2                  10005188 f   LIBCMT:memmove.obj
 0001:000041b0       LeadDown3                  100051b0 f   LIBCMT:memmove.obj
 0001:00004204       UnwindDown7                10005204 f   LIBCMT:memmove.obj
 0001:0000420c       UnwindDown6                1000520c f   LIBCMT:memmove.obj
 0001:00004214       UnwindDown5                10005214 f   LIBCMT:memmove.obj
 0001:0000421c       UnwindDown4                1000521c f   LIBCMT:memmove.obj
 0001:00004224       UnwindDown3                10005224 f   LIBCMT:memmove.obj
 0001:0000422c       UnwindDown2                1000522c f   LIBCMT:memmove.obj
 0001:00004234       UnwindDown1                10005234 f   LIBCMT:memmove.obj
 0001:00004247       UnwindDown0                10005247 f   LIBCMT:memmove.obj
 0001:00004260       TrailDown0                 10005260 f   LIBCMT:memmove.obj
 0001:00004268       TrailDown1                 10005268 f   LIBCMT:memmove.obj
 0001:00004278       TrailDown2                 10005278 f   LIBCMT:memmove.obj
 0001:0000428c       TrailDown3                 1000528c f   LIBCMT:memmove.obj
 0001:00003c4c       _gu_return                 10004c4c f   LIBCMT:exsup.obj
 0001:00003c54       __unwind_handler           10004c54 f   LIBCMT:exsup.obj
 0001:00003a66       ?CatchGuardHandler@@YA?AW4_EXCEPTION_DISPOSITION@@PAUEHExceptionRecord@@PAUCatchGuardRN@@PAX2@Z 10004a66 f   LIBCMT:trnsctrl.obj
 0001:00003b41       ?TranslatorGuardHandler@@YA?AW4_EXCEPTION_DISPOSITION@@PAUEHExceptionRecord@@PAUTranslatorGuardRN@@PAX2@Z 10004b41 f   LIBCMT:trnsctrl.obj

 7 bytes saved through ICF

